// Jest Snapshot v1, https://goo.gl/fbAQLP

exports[`Should render the main dashboard page 1`] = `
<div>
  Dashboard page content
</div>
`;
