// Jest Snapshot v1, https://goo.gl/fbAQLP

exports[`Should render the not found page 1`] = `
<div>
  <p>
    Page Not Found 
    <Link
      replace={false}
      to="/"
    >
      Go Home
    </Link>
  </p>
</div>
`;
